
> payslip-analyzer-ai@1.0.10 build
> node scripts/update-version.js && prisma generate && next build

­ƒÜÇ Version mise ├á jour : 1.0.11
node.exe : Environment variables loaded from .env
Au caractère C:\nvm4w\nodejs\npm.ps1:29 : 3
+   & $NODE_EXE $NPM_CLI_JS $args
+   ~~~~~~~~~~~~~~~~~~~~~~~~~~~~~
    + CategoryInfo          : NotSpecified: (Environment variables loaded from .env:String) [], Re 
   moteException
    + FullyQualifiedErrorId : NativeCommandError
 
Prisma schema loaded from prisma\schema.prisma
Error: 
EPERM: operation not permitted, rename 
'C:\wamp64\www\paiepro\node_modules\.prisma\client\query_engine-windows.dll.node.tmp11384' -> 
'C:\wamp64\www\paiepro\node_modules\.prisma\client\query_engine-windows.dll.node'


